// Vitest Snapshot v1

exports[`MatchSnapShot test from ChatComputer 1`] = `
<div
  className="main--chatcomputerroom"
  data-testid="chatcomputer"
>
  <div
    className="div--chatcomputerroom"
    data-testid="chatctestid"
  >
    <img
      alt=""
      className="img--chatcomputerroom"
      height="100%"
      src=""
      width="100%"
    />
  </div>
  <div
    className="title--chatcomputerroom"
  >
    <h1
      className="compter--roomdb"
    />
  </div>
  <div
    className="computer--chatcomputerroom"
  />
</div>
`;
