// Vitest Snapshot v1

exports[`MatchSnapShot test ComputerRoom 1`] = `
<div
  className="nextcomp--room"
>
  <div
    className="div--animationroomStyle"
  >
    <div
      className="rotation--roomstyle"
    >
      <h1 />
    </div>
  </div>
  <h1
    className="title--room"
  >
    Room 
  </h1>
  <div
    className="div--terminaluser"
    data-testid="testdiv"
  >
    <div
      className="section--terminal"
    >
      <div
        className="div--worldbg"
      >
        <img
          alt="/src/assets/world_connected.png"
          className="img--bgterminal"
          height="100%"
          src="/src/assets/world_connected.png"
          width="100%"
        />
      </div>
      <section
        className="terminal"
      >
        <div
          className="div--terminal"
        >
          <span
            className="intro--terminal"
            data-testid="spantestid"
          />
        </div>
        <div
          className="subterminal"
        >
          <input
            className="input--message"
            onChange={[Function]}
            placeholder="$ ▶"
            required={true}
            type="text"
            value=""
          />
          <button
            className="btn--user"
            onClick={[Function]}
            type="button"
          >
            <div
              className="div--btnworld"
            >
              <img
                alt="/src/assets/btn-world.png"
                className="img--world"
                height="70px"
                src="/src/assets/btn-world.png"
                width="80px"
              />
            </div>
            <p
              className="text--btn"
            >
              Enter
            </p>
          </button>
        </div>
      </section>
    </div>
    <section
      className="user--online"
      data-testid="ptestid"
    >
      <div
        className="div--userolinetitle"
      >
        <h3
          className="userolinetitle"
        >
          Online Users
        </h3>
      </div>
    </section>
  </div>
</div>
`;

exports[`MatchSnapShot test TerminalComponent 1`] = `
<div
  className="nextcomp--room"
>
  <div
    className="div--animationroomStyle"
  >
    <div
      className="rotation--roomstyle"
    >
      <h1 />
    </div>
  </div>
  <h1
    className="title--room"
  >
    Room 
  </h1>
  <div
    className="div--terminaluser"
    data-testid="testdiv"
  >
    <div
      className="section--terminal"
    >
      <div
        className="div--worldbg"
      >
        <img
          alt="/src/assets/world_connected.png"
          className="img--bgterminal"
          height="100%"
          src="/src/assets/world_connected.png"
          width="100%"
        />
      </div>
      <section
        className="terminal"
      >
        <div
          className="div--terminal"
        >
          <span
            className="intro--terminal"
            data-testid="spantestid"
          />
        </div>
        <div
          className="subterminal"
        >
          <input
            className="input--message"
            onChange={[Function]}
            placeholder="$ ▶"
            required={true}
            type="text"
            value=""
          />
          <button
            className="btn--user"
            onClick={[Function]}
            type="button"
          >
            <div
              className="div--btnworld"
            >
              <img
                alt="/src/assets/btn-world.png"
                className="img--world"
                height="70px"
                src="/src/assets/btn-world.png"
                width="80px"
              />
            </div>
            <p
              className="text--btn"
            >
              Enter
            </p>
          </button>
        </div>
      </section>
    </div>
    <section
      className="user--online"
      data-testid="ptestid"
    >
      <div
        className="div--userolinetitle"
      >
        <h3
          className="userolinetitle"
        >
          Online Users
        </h3>
      </div>
    </section>
  </div>
</div>
`;

exports[`MatchSnapShot test UsersOnline 1`] = `
<div
  className="nextcomp--room"
>
  <div
    className="div--animationroomStyle"
  >
    <div
      className="rotation--roomstyle"
    >
      <h1 />
    </div>
  </div>
  <h1
    className="title--room"
  >
    Room 
  </h1>
  <div
    className="div--terminaluser"
    data-testid="testdiv"
  >
    <div
      className="section--terminal"
    >
      <div
        className="div--worldbg"
      >
        <img
          alt="/src/assets/world_connected.png"
          className="img--bgterminal"
          height="100%"
          src="/src/assets/world_connected.png"
          width="100%"
        />
      </div>
      <section
        className="terminal"
      >
        <div
          className="div--terminal"
        >
          <span
            className="intro--terminal"
            data-testid="spantestid"
          />
        </div>
        <div
          className="subterminal"
        >
          <input
            className="input--message"
            onChange={[Function]}
            placeholder="$ ▶"
            required={true}
            type="text"
            value=""
          />
          <button
            className="btn--user"
            onClick={[Function]}
            type="button"
          >
            <div
              className="div--btnworld"
            >
              <img
                alt="/src/assets/btn-world.png"
                className="img--world"
                height="70px"
                src="/src/assets/btn-world.png"
                width="80px"
              />
            </div>
            <p
              className="text--btn"
            >
              Enter
            </p>
          </button>
        </div>
      </section>
    </div>
    <section
      className="user--online"
      data-testid="ptestid"
    >
      <div
        className="div--userolinetitle"
      >
        <h3
          className="userolinetitle"
        >
          Online Users
        </h3>
      </div>
    </section>
  </div>
</div>
`;
