// Vitest Snapshot v1

exports[`MatchSnapShot test LocalNotes 1 1`] = `
<div>
  <label>
    1 - Hello LocalNote ! 
  </label>
  <button
    onClick={[Function]}
    style={
      {
        "marginLeft": "10px",
      }
    }
  >
    Abbr location
  </button>
  <div
    style={
      {
        "border": "1px solid lightgreen",
        "color": "lightgreen",
      }
    }
  >
    2 - SubComponent subLocation: 
  </div>
  <div />
</div>
`;
