// Vitest Snapshot v1

exports[`2 MatchSnapShot test HandleAskUserOrigin 1`] = `
<div
  className="all--usersbanner"
  data-testid="onlinetest"
>
  <div
    className="username--usersonline"
  >
    <img
      className="smile--img"
      height="100%"
      width="100%"
    />
    <span
      className="usersonline--username"
    />
  </div>
  <p
    className="para--spanchat"
  >
    <span
      className="span--usersonline connector--icon"
    >
      ❌
    </span>
    <span
      className="span--usersonline styleusr--span"
      data-testid="spantestidusers"
      onClick={[Function]}
      style={
        {
          "color": "sandybrown",
          "fontSize": "22px",
        }
      }
    >
      ✉
    </span>
  </p>
</div>
`;

exports[`3 MatchSnapShot test UsersOnline 1`] = `
<div
  className="all--usersbanner"
  data-testid="onlinetest"
>
  <div
    className="username--usersonline"
  >
    <img
      className="smile--img"
      height="100%"
      width="100%"
    />
    <span
      className="usersonline--username"
    />
  </div>
  <p
    className="para--spanchat"
  >
    <span
      className="span--usersonline connector--icon"
    >
      ❌
    </span>
    <span
      className="span--usersonline styleusr--span"
      data-testid="spantestidusers"
      onClick={[Function]}
      style={
        {
          "color": "sandybrown",
          "fontSize": "22px",
        }
      }
    >
      ✉
    </span>
  </p>
</div>
`;
