// Vitest Snapshot v1

exports[`MatchSnapShot test Login 1`] = `
<div
  className="bg--loginimg"
  data-testid="logintest"
>
  <div
    className="zoom--img"
  >
    <img
      alt="/src/assets/background/circle.jpg"
      className="img--login"
      height="100%"
      src="/src/assets/background/circle.jpg"
      width="100%"
    />
  </div>
  <div
    className="div--submit"
  >
    <form
      className="submit"
      data-testid="formlog"
      onSubmit={[Function]}
      placeholder="lastname"
    >
      <h1
        className="title--framelogin"
      >
        Login
      </h1>
      <div
        className="form-group"
      >
        <div
          className="error--message"
        >
          Not connected!
        </div>
      </div>
      <label
        className="lbl--login"
        htmlFor="username"
      >
        Username
      </label>
      <input
        autoComplete="off"
        className="input--login"
        name="username"
        onChange={[Function]}
        placeholder="username"
        required={true}
        type="text"
        value=""
      />
      <label
        className="lbl--login"
        htmlFor="password"
      >
        Password
      </label>
      <input
        className="input--login"
        name="password"
        onChange={[Function]}
        placeholder="password"
        required={true}
        type="password"
        value=""
      />
      <button
        className="btn--submitlogin"
        type="submit"
      >
        Enter
      </button>
      <p
        className="p--loginframe"
      >
        <a
          className="link--subscribe"
          data-testid="linktosub"
          href="/subscribe"
          onClick={[Function]}
        >
          Subscribe
        </a>
      </p>
    </form>
  </div>
</div>
`;

exports[`MatchSnapShot test Subscribe 1`] = `
<div
  className="bg--loginimg"
  data-testid="logintest"
>
  <div
    className="zoom--img"
  >
    <img
      alt="/src/assets/background/circle.jpg"
      className="img--login"
      height="100%"
      src="/src/assets/background/circle.jpg"
      width="100%"
    />
  </div>
  <div
    className="div--submit"
  >
    <form
      className="submit"
      data-testid="formlog"
      onSubmit={[Function]}
      placeholder="lastname"
    >
      <h1
        className="title--framelogin"
      >
        Login
      </h1>
      <div
        className="form-group"
      >
        <div
          className="error--message"
        >
          Not connected!
        </div>
      </div>
      <label
        className="lbl--login"
        htmlFor="username"
      >
        Username
      </label>
      <input
        autoComplete="off"
        className="input--login"
        name="username"
        onChange={[Function]}
        placeholder="username"
        required={true}
        type="text"
        value=""
      />
      <label
        className="lbl--login"
        htmlFor="password"
      >
        Password
      </label>
      <input
        className="input--login"
        name="password"
        onChange={[Function]}
        placeholder="password"
        required={true}
        type="password"
        value=""
      />
      <button
        className="btn--submitlogin"
        type="submit"
      >
        Enter
      </button>
      <p
        className="p--loginframe"
      >
        <a
          className="link--subscribe"
          data-testid="linktosub"
          href="/subscribe"
          onClick={[Function]}
        >
          Subscribe
        </a>
      </p>
    </form>
  </div>
</div>
`;

exports[`renders correctly 1`] = `
<a
  href="/subscribe"
  onClick={[Function]}
>
  Subscribe
</a>
`;
