// Vitest Snapshot v1

exports[`MatchSnapShot test ChooseMemberToAsk 1`] = `
<span
  className="span--saloon"
  data-testid="chooseMemberId"
>
  <div
    className="user--imgsaloon"
  >
    <img
      className="img--saloon"
      height="100%"
      width="100%"
    />
    <p
      className="useronline"
    >
       
      <span
        className="useronline--icondeconnectected"
      >
        ❌
      </span>
    </p>
    <span
      className="askprivate--service"
      onClick={[Function]}
      title="Invite to private chat"
    >
      ✉
    </span>
    <span
      className="lastspan--online"
    >
      <button
        className="btn--lastspanonline"
        onClick={[Function]}
        title="Add as Your Friend"
      >
        +
      </button>
    </span>
  </div>
</span>
`;

exports[`MatchSnapShot test Online 1`] = `
<div
  className="saloon--byusers"
  data-testid="divtestone"
>
  <div
    className="title--services"
  >
    <h1>
      Rooms
    </h1>
  </div>
  <div
    className="divsection--saloon"
  />
  <div />
</div>
`;
