// Vitest Snapshot v1

exports[`Subscribe toMatchSnapshot 1`] = `
<div
  className="subscribe"
  data-testid="subtest"
>
  <form
    autoComplete="off"
    className="form--subscribe"
    data-testid="formsub"
    onSubmit={[Function]}
  >
    <div
      className="div--subscribe"
    >
      <h1
        className="title--framesub"
      >
        Subscribe
      </h1>
      <label
        className="lbl--sub"
        htmlFor="sub"
      >
        Firstname
      </label>
      <input
        className="input--sub"
        name="firstName"
        onChange={[Function]}
        placeholder="firstname"
        required={true}
        type="text"
        value=""
      />
      <label
        className="lbl--sub"
        htmlFor="sub"
      >
        Lastname
      </label>
      <input
        className="input--sub"
        name="lastName"
        onChange={[Function]}
        placeholder="lastname"
        required={true}
        type="text"
        value=""
      />
      <label
        className="lbl--sub"
        htmlFor="sub"
      >
        Password
      </label>
      <input
        className="input--sub"
        name="password"
        onChange={[Function]}
        placeholder="password"
        required={true}
        type="password"
        value=""
      />
      <label
        className="lbl--sub"
        htmlFor="sub"
      >
        Age
      </label>
      <input
        className="input--sub"
        max="120"
        min="20"
        name="age"
        onChange={[Function]}
        placeholder="age"
        required={true}
        type="number"
        value={20}
      />
      <label
        className="lbl--sub"
        htmlFor="sub"
      >
        Email
      </label>
      <input
        className="input--sub"
        name="email"
        onChange={[Function]}
        placeholder="email"
        required={true}
        type="email"
        value=""
      />
      <label
        className="lbl--sub"
        htmlFor="sub"
      >
        Location
      </label>
      <input
        className="input--sub"
        name="location"
        onChange={[Function]}
        placeholder="location"
        required={true}
        type="text"
        value=""
      />
      <div
        className="div--subselect"
      >
        <label
          className="lbl--sub"
          htmlFor="gender"
        >
          Gender :
        </label>
        <select
          className="select--sub"
          id="gender"
          name="gender"
          onChange={[Function]}
          value="Male"
        >
          <option
            name="gender"
            value="Male"
          >
            Male
          </option>
          <option
            name="gender"
            value="Female"
          >
            Female
          </option>
        </select>
      </div>
    </div>
    <button
      className="btn--sub"
      type="submit"
    >
      Signup
    </button>
  </form>
</div>
`;

exports[`Subscribe toMatchSnapshot 2`] = `
<div
  className="subscribe"
  data-testid="subtest"
>
  <form
    autoComplete="off"
    className="form--subscribe"
    data-testid="formsub"
    onSubmit={[Function]}
  >
    <div
      className="div--subscribe"
    >
      <h1
        className="title--framesub"
      >
        Subscribe
      </h1>
      <label
        className="lbl--sub"
        htmlFor="sub"
      >
        Firstname
      </label>
      <input
        className="input--sub"
        name="firstName"
        onChange={[Function]}
        placeholder="firstname"
        required={true}
        type="text"
        value=""
      />
      <label
        className="lbl--sub"
        htmlFor="sub"
      >
        Lastname
      </label>
      <input
        className="input--sub"
        name="lastName"
        onChange={[Function]}
        placeholder="lastname"
        required={true}
        type="text"
        value=""
      />
      <label
        className="lbl--sub"
        htmlFor="sub"
      >
        Password
      </label>
      <input
        className="input--sub"
        name="password"
        onChange={[Function]}
        placeholder="password"
        required={true}
        type="password"
        value=""
      />
      <label
        className="lbl--sub"
        htmlFor="sub"
      >
        Age
      </label>
      <input
        className="input--sub"
        max="120"
        min="20"
        name="age"
        onChange={[Function]}
        placeholder="age"
        required={true}
        type="number"
        value={20}
      />
      <label
        className="lbl--sub"
        htmlFor="sub"
      >
        Email
      </label>
      <input
        className="input--sub"
        name="email"
        onChange={[Function]}
        placeholder="email"
        required={true}
        type="email"
        value=""
      />
      <label
        className="lbl--sub"
        htmlFor="sub"
      >
        Location
      </label>
      <input
        className="input--sub"
        name="location"
        onChange={[Function]}
        placeholder="location"
        required={true}
        type="text"
        value=""
      />
      <div
        className="div--subselect"
      >
        <label
          className="lbl--sub"
          htmlFor="gender"
        >
          Gender :
        </label>
        <select
          className="select--sub"
          id="gender"
          name="gender"
          onChange={[Function]}
          value="Male"
        >
          <option
            name="gender"
            value="Male"
          >
            Male
          </option>
          <option
            name="gender"
            value="Female"
          >
            Female
          </option>
        </select>
      </div>
    </div>
    <button
      className="btn--sub"
      type="submit"
    >
      Signup
    </button>
  </form>
</div>
`;
